<html>
<body>
<pre>
<h1>µVision Build Log</h1>
<h2>Tool Versions:</h2>
IDE-Version: ¦ÌVision V5.24.2.0
Copyright (C) 2017 ARM Ltd and ARM Germany GmbH. All rights reserved.
License Information: 12 12, 12, LIC=Y2BTG-V7Y39-WJ56K-ZNYFU-QU6X9-CQ4GL
 
Tool Versions:
Toolchain:       MDK-ARM Professional  Version: 5.24.1
Toolchain Path:  D:\softwarenew\keil532\ARM\ARMCC\Bin
C Compiler:      Armcc.exe V5.06 update 5 (build 528)
Assembler:       Armasm.exe V5.06 update 5 (build 528)
Linker/Locator:  ArmLink.exe V5.06 update 5 (build 528)
Library Manager: ArmAr.exe V5.06 update 5 (build 528)
Hex Converter:   FromElf.exe V5.06 update 5 (build 528)
CPU DLL:         SARMCM3.DLL V5.24.1
Dialog DLL:      DCM.DLL V1.16.0.0
Target DLL:      STLink\ST-LINKIII-KEIL_SWO.dll V3.0.1.0
Dialog DLL:      TCM.DLL V1.32.0.0
 
<h2>Project:</h2>
E:\programs\32f4\carInformation\USER\LED.uvprojx
Project File Date:  10/14/2020

<h2>Output:</h2>
*** Using Compiler 'V5.06 update 5 (build 528)', folder: 'D:\softwarenew\keil532\ARM\ARMCC\Bin'
Rebuild target 'LED'
compiling mqtt.c...
compiling timer3.c...
compiling commu.c...
compiling timer4.c...
compiling system_stm32f4xx.c...
compiling main.c...
compiling stm32f4xx_it.c...
compiling fourG.c...
..\HARDWARE\fourG\fourG.c(112): warning:  #177-D: variable "a"  was declared but never referenced
  	char a=0;
..\HARDWARE\fourG\fourG.c: 1 warning, 0 errors
compiling usart2.c...
compiling key.c...
compiling usart1.c...
assembling startup_stm32f40_41xxx.s...
compiling led.c...
compiling misc.c...
compiling utils_hmac.c...
compiling utils_md5.c...
compiling stm32f4xx_usart.c...
compiling sys.c...
compiling stm32f4xx_gpio.c...
compiling stm32f4xx_syscfg.c...
compiling delay.c...
compiling utils_sha1.c...
compiling stm32f4xx_rcc.c...
compiling usart.c...
compiling stm32f4xx_tim.c...
compiling stm32f4xx_exti.c...
linking...
Program Size: Code=22406 RO-data=1210 RW-data=108 ZI-data=9452  
FromELF: creating hex file...
"..\OBJ\LED.axf" - 0 Error(s), 1 Warning(s).

<h2>Software Packages used:</h2>

Package Vendor: Keil
                http://www.keil.com/pack/Keil.STM32F4xx_DFP.2.14.0.pack
                Keil.STM32F4xx_DFP.2.14.0
                STMicroelectronics STM32F4 Series Device Support, Drivers and Examples

<h2>Collection of Component include folders:</h2>
  .\RTE\_LED
  E:\stm32learning\Keil\STM32F4xx_DFP\2.14.0\Drivers\CMSIS\Device\ST\STM32F4xx\Include

<h2>Collection of Component Files used:</h2>
Build Time Elapsed:  00:00:05
</pre>
</body>
</html>
